// Jest Snapshot v1, https://goo.gl/fbAQLP

exports[`NgUtilsComponent should match snapshot 1`] = `
<lib-ng-utils
  __ngContext__={[Function LRootView]}
>
  <p>
    ng-utils component works!
  </p>
</lib-ng-utils>
`;
